// Jest Snapshot v1, https://goo.gl/fbAQLP

exports[`Carousel check the number of image tags in the carousel of the home page 1`] = `
Array [
  <div
    className="carousel slide"
    data-interval="2000"
    data-ride="carousel"
    id="carouselExampleIndicators"
  >
    <ol
      className="carousel-indicators"
    >
      <li
        className="active"
        data-slide-to="0"
        data-target="#carouselExampleIndicators"
      />
      <li
        data-slide-to="1"
        data-target="#carouselExampleIndicators"
      />
      <li
        data-slide-to="2"
        data-target="#carouselExampleIndicators"
      />
    </ol>
    <div
      className="carousel-inner"
    >
      <div
        className="carousel-item active"
      >
        <img
          alt="First slide"
          className="d-block w-100"
          src="download.jpg"
        />
      </div>
      <div
        className="carousel-item"
      >
        <img
          alt="Second slide"
          className="d-block w-100"
          src="aup.jpg"
        />
      </div>
      <div
        className="carousel-item"
      >
        <img
          alt="Third slide"
          className="d-block w-100"
          src="search.jpg"
        />
      </div>
    </div>
    <a
      className="carousel-control-prev"
      data-slide="prev"
      href="#carouselExampleIndicators"
      role="button"
    >
      <span
        aria-hidden="true"
        className="carousel-control-prev-icon"
      />
      <span
        className="sr-only"
      >
        Previous
      </span>
    </a>
    <a
      className="carousel-control-next"
      data-slide="next"
      href="#carouselExampleIndicators"
      role="button"
    >
      <span
        aria-hidden="true"
        className="carousel-control-next-icon"
      />
      <span
        className="sr-only"
      >
        Next
      </span>
    </a>
  </div>,
]
`;
